******************************************************************************
                  TI ARM Linker PC v20.2.7                     
******************************************************************************
>> Linked Thu Aug  1 16:42:27 2024

OUTPUT FILE NAME:   <App1.out>
ENTRY POINT SYMBOL: "_c_int00_noargs"  address: 00000aa5


MEMORY CONFIGURATION

         name            origin    length      used     unused   attr    fill
----------------------  --------  ---------  --------  --------  ----  --------
  FLASH                 00000000   00040000  00000b2a  0003f4d6  R  X
  SRAM                  20000000   00008000  00000205  00007dfb  RW X


SEGMENT ALLOCATION MAP

run origin  load origin   length   init length attrs members
----------  ----------- ---------- ----------- ----- -------
00000000    00000000    00000b30   00000b30    r-x
  00000000    00000000    0000026c   0000026c    r-- .intvecs
  0000026c    0000026c    000008a6   000008a6    r-x .text
  00000b18    00000b18    00000018   00000018    r-- .cinit
20000000    20000000    00000205   00000000    rw-
  20000000    20000000    00000200   00000000    rw- .stack
  20000200    20000200    00000005   00000000    rw- .data


SECTION ALLOCATION MAP

 output                                  attributes/
section   page    origin      length       input sections
--------  ----  ----------  ----------   ----------------
.intvecs   0    00000000    0000026c     
                  00000000    0000026c     tm4c123gh6pm_startup_ccs.obj (.intvecs)

.text      0    0000026c    000008a6     
                  0000026c    00000424     NVIC.obj (.text)
                  00000690    0000020c     main.obj (.text)
                  0000089c    000000c0     SysTick.obj (.text)
                  0000095c    0000009c     rtsv7M4_T_le_v4SPD16_eabi.lib : memcpy_t2.asm.obj (.text)
                  000009f8    00000068                                   : copy_decompress_lzss.c.obj (.text:decompress:lzss:__TI_decompress_lzss)
                  00000a60    00000044                                   : autoinit.c.obj (.text:__TI_auto_init_nobinit_nopinit:__TI_auto_init_nobinit_nopinit)
                  00000aa4    00000034                                   : boot_cortex_m.c.obj (.text:_c_int00_noargs:_c_int00_noargs)
                  00000ad8    00000018                                   : ll_mul_t2.asm.obj (.text)
                  00000af0    0000000e                                   : copy_decompress_none.c.obj (.text:decompress:none:__TI_decompress_none)
                  00000afe    0000000c     tm4c123gh6pm_startup_ccs.obj (.text)
                  00000b0a    00000004     rtsv7M4_T_le_v4SPD16_eabi.lib : pre_init.c.obj (.text:_system_pre_init)
                  00000b0e    00000004                                   : exit.c.obj (.text:abort:abort)

.cinit     0    00000b18    00000018     
                  00000b18    00000008     (__TI_handler_table)
                  00000b20    00000007     (.cinit..data.load) [load image, compression = lzss]
                  00000b27    00000001     --HOLE-- [fill = 0]
                  00000b28    00000008     (__TI_cinit_table)

.init_array 
*          0    00000000    00000000     UNINITIALIZED

.data      0    20000200    00000005     UNINITIALIZED
                  20000200    00000004     SysTick.obj (.data)
                  20000204    00000001     main.obj (.data)

.stack     0    20000000    00000200     UNINITIALIZED
                  20000000    00000004     rtsv7M4_T_le_v4SPD16_eabi.lib : boot_cortex_m.c.obj (.stack)
                  20000004    000001fc     --HOLE--

__llvm_prf_cnts 
*          0    20000000    00000000     UNINITIALIZED

MODULE SUMMARY

       Module                         code   ro data   rw data
       ------                         ----   -------   -------
    .\
       NVIC.obj                       1060   0         0      
       tm4c123gh6pm_startup_ccs.obj   12     620       0      
       main.obj                       524    0         1      
       SysTick.obj                    192    0         4      
    +--+------------------------------+------+---------+---------+
       Total:                         1788   620       5      
                                                              
    C:\ti\ccs1271\ccs\tools\compiler\ti-cgt-arm_20.2.7.LTS\lib\rtsv7M4_T_le_v4SPD16_eabi.lib
       memcpy_t2.asm.obj              156    0         0      
       copy_decompress_lzss.c.obj     104    0         0      
       autoinit.c.obj                 68     0         0      
       boot_cortex_m.c.obj            52     0         0      
       ll_mul_t2.asm.obj              24     0         0      
       copy_decompress_none.c.obj     14     0         0      
       exit.c.obj                     4      0         0      
       pre_init.c.obj                 4      0         0      
    +--+------------------------------+------+---------+---------+
       Total:                         426    0         0      
                                                              
       Stack:                         0      0         512    
       Linker Generated:              0      23        0      
    +--+------------------------------+------+---------+---------+
       Grand Total:                   2214   643       517    


LINKER GENERATED COPY TABLES

__TI_cinit_table @ 00000b28 records: 1, size/record: 8, table size: 8
	.data: load addr=00000b20, load size=00000007 bytes, run addr=20000200, run size=00000005 bytes, compression=lzss


LINKER GENERATED HANDLER TABLE

__TI_handler_table @ 00000b18 records: 2, size/record: 4, table size: 8
	index: 0, handler: __TI_decompress_lzss
	index: 1, handler: __TI_decompress_none


GLOBAL SYMBOLS: SORTED ALPHABETICALLY BY Name 

address   name                          
-------   ----                          
00000b0f  C$$EXIT                       
00000691  Delay_MS                      
000006d1  GPIOPortF_Handler             
00000791  Leds_Init                     
00000537  NVIC_DisableException         
00000321  NVIC_DisableIRQ               
000004f1  NVIC_EnableException          
0000026d  NVIC_EnableIRQ                
0000058d  NVIC_SetPriorityException     
000003d5  NVIC_SetPriorityIRQ           
00000aff  ResetISR                      
00000701  SW2_Init                      
000007cf  SysTick_CallBackFunc          
0000093d  SysTick_DeInit                
00000905  SysTick_Handler               
0000089d  SysTick_Init                  
00000915  SysTick_SetCallBack           
00000925  SysTick_Start                 
000008cd  SysTick_StartBusyWait         
00000931  SysTick_Stop                  
20000200  __STACK_END                   
00000200  __STACK_SIZE                  
20000200  __STACK_TOP                   
00000b28  __TI_CINIT_Base               
00000b30  __TI_CINIT_Limit              
00000b18  __TI_Handler_Table_Base       
00000b20  __TI_Handler_Table_Limit      
00000a61  __TI_auto_init_nobinit_nopinit
000009f9  __TI_decompress_lzss          
00000af1  __TI_decompress_none          
ffffffff  __TI_pprof_out_hndl           
ffffffff  __TI_prof_data_size           
ffffffff  __TI_prof_data_start          
00000000  __TI_static_base__            
00000ad9  __aeabi_lmul                  
0000095d  __aeabi_memcpy                
0000095d  __aeabi_memcpy4               
0000095d  __aeabi_memcpy8               
ffffffff  __binit__                     
ffffffff  __c_args__                    
UNDEFED   __mpu_init                    
20000000  __stack                       
20000000  __start___llvm_prf_cnts       
20000000  __stop___llvm_prf_cnts        
00000aa5  _c_int00_noargs               
UNDEFED   _system_post_cinit            
00000b0b  _system_pre_init              
00000b0f  abort                         
ffffffff  binit                         
20000204  g_Counter                     
00000000  g_pfnVectors                  
00000829  main                          
0000095d  memcpy                        


GLOBAL SYMBOLS: SORTED BY Symbol Address 

address   name                          
-------   ----                          
00000000  __TI_static_base__            
00000000  g_pfnVectors                  
00000200  __STACK_SIZE                  
0000026d  NVIC_EnableIRQ                
00000321  NVIC_DisableIRQ               
000003d5  NVIC_SetPriorityIRQ           
000004f1  NVIC_EnableException          
00000537  NVIC_DisableException         
0000058d  NVIC_SetPriorityException     
00000691  Delay_MS                      
000006d1  GPIOPortF_Handler             
00000701  SW2_Init                      
00000791  Leds_Init                     
000007cf  SysTick_CallBackFunc          
00000829  main                          
0000089d  SysTick_Init                  
000008cd  SysTick_StartBusyWait         
00000905  SysTick_Handler               
00000915  SysTick_SetCallBack           
00000925  SysTick_Start                 
00000931  SysTick_Stop                  
0000093d  SysTick_DeInit                
0000095d  __aeabi_memcpy                
0000095d  __aeabi_memcpy4               
0000095d  __aeabi_memcpy8               
0000095d  memcpy                        
000009f9  __TI_decompress_lzss          
00000a61  __TI_auto_init_nobinit_nopinit
00000aa5  _c_int00_noargs               
00000ad9  __aeabi_lmul                  
00000af1  __TI_decompress_none          
00000aff  ResetISR                      
00000b0b  _system_pre_init              
00000b0f  C$$EXIT                       
00000b0f  abort                         
00000b18  __TI_Handler_Table_Base       
00000b20  __TI_Handler_Table_Limit      
00000b28  __TI_CINIT_Base               
00000b30  __TI_CINIT_Limit              
20000000  __stack                       
20000000  __start___llvm_prf_cnts       
20000000  __stop___llvm_prf_cnts        
20000200  __STACK_END                   
20000200  __STACK_TOP                   
20000204  g_Counter                     
ffffffff  __TI_pprof_out_hndl           
ffffffff  __TI_prof_data_size           
ffffffff  __TI_prof_data_start          
ffffffff  __binit__                     
ffffffff  __c_args__                    
ffffffff  binit                         
UNDEFED   __mpu_init                    
UNDEFED   _system_post_cinit            

[53 symbols]
